// Jest Snapshot v1, https://goo.gl/fbAQLP

exports[`Notification asyncs createNotification 1`] = `
Object {
  "__esModule": true,
  "default": [MockFunction] {
    "calls": Array [
      Array [
        Object {
          "error": undefined,
          "payload": Object {
            "ignoreMouseOver": false,
            "message": "message",
            "onClick": [Function],
            "onClose": [Function],
            "onDismiss": [Function],
            "onError": [Function],
            "onMessage": [Function],
            "onShow": [Function],
            "opacity": 1,
            "timeout": 3000,
            "url": "url",
          },
          "type": "REDUX_OPENFIN_REQ::CREATE_NOTIFICATION",
        },
        "OpenFin API call Notification.constructor failed.",
        [Function],
        [Function],
      ],
    ],
    "results": Array [
      Object {
        "type": "return",
        "value": undefined,
      },
    ],
  },
}
`;
